<?xml version="1.0" encoding="utf-8"?><testsuite errors="0" failures="0" name="pytest" skips="6" tests="6" time="2.060"><testcase classname="tests.test_win_vs_activate" file="tests\test_win_vs_activate.py" line="73" name="test_activation_logic[32-vs14.0]" time="0.11809563636779785"><skipped message="expected test failure">verification of test logic</skipped><system-out>writing C:\Program Files (x86)\Microsoft Visual Studio 14.0\VC\vcvarsall.bat (exit /b 1)
writing c:\Program Files (x86)\Microsoft Visual Studio 10.0\VC\vcvarsall.bat (exit /b 1)
writing C:\Program Files\Microsoft SDKs\Windows\v7.1\Bin\SetEnv.cmd (exit /b 1)
writing C:\Users\pts08\AppData\Local\Programs\Common\Microsoft\Visual C++ for Python\9.0\vcvarsall.bat (exit /b 1)
writing C:\Program Files (x86)\Microsoft Visual Studio 9.0\VC\bin\vcvars64.bat (exit /b 1)

C#x08L#x08I#x08N#x08K#x08 #x08#x1B[1;32;40mC:\Users\pts08\Documents\GitHub\conda-build {git}{hg} 
#x1B[1;30;40m{lamb} #x1B[0mset DISTUTILS_USE_SDK=1 

C#x08L#x08I#x08N#x08K#x08 #x08#x1B[1;32;40mC:\Users\pts08\Documents\GitHub\conda-build {git}{hg} 
#x1B[1;30;40m{lamb} #x1B[0mset MSSdk=1 

C#x08L#x08I#x08N#x08K#x08 #x08#x1B[1;32;40mC:\Users\pts08\Documents\GitHub\conda-build {git}{hg} 
#x1B[1;30;40m{lamb} #x1B[0mset &quot;VS_VERSION=14.0&quot; 

C#x08L#x08I#x08N#x08K#x08 #x08#x1B[1;32;40mC:\Users\pts08\Documents\GitHub\conda-build {git}{hg} 
#x1B[1;30;40m{lamb} #x1B[0mset &quot;VS_MAJOR=14&quot; 

C#x08L#x08I#x08N#x08K#x08 #x08#x1B[1;32;40mC:\Users\pts08\Documents\GitHub\conda-build {git}{hg} 
#x1B[1;30;40m{lamb} #x1B[0mset &quot;VS_YEAR=2015&quot; 

C#x08L#x08I#x08N#x08K#x08 #x08#x1B[1;32;40mC:\Users\pts08\Documents\GitHub\conda-build {git}{hg} 
#x1B[1;30;40m{lamb} #x1B[0mset &quot;CMAKE_GENERATOR=Visual Studio 14 2015&quot; 

C#x08L#x08I#x08N#x08K#x08 #x08#x1B[1;32;40mC:\Users\pts08\Documents\GitHub\conda-build {git}{hg} 
#x1B[1;30;40m{lamb} #x1B[0mset &quot;MSYS2_ARG_CONV_EXCL=/AI;/AL;/OUT;/out;&quot; 

C#x08L#x08I#x08N#x08K#x08 #x08#x1B[1;32;40mC:\Users\pts08\Documents\GitHub\conda-build {git}{hg} 
#x1B[1;30;40m{lamb} #x1B[0mset &quot;MSYS2_ENV_CONV_EXCL=CL&quot; 

C#x08L#x08I#x08N#x08K#x08 #x08#x1B[1;32;40mC:\Users\pts08\Documents\GitHub\conda-build {git}{hg} 
#x1B[1;30;40m{lamb} #x1B[0mcall &quot;C:\Program Files (x86)\Microsoft Visual Studio 14.0\VC\vcvarsall.bat&quot; x86 

C#x08L#x08I#x08N#x08K#x08 #x08#x1B[1;32;40mC:\Users\pts08\Documents\GitHub\conda-build {git}{hg} 
#x1B[1;30;40m{lamb} #x1B[0mexit /b 1 
</system-out></testcase><testcase classname="tests.test_win_vs_activate" file="tests\test_win_vs_activate.py" line="73" name="test_activation_logic[32-vs10.0]" time="0.1163017749786377"><skipped message="expected test failure">verification of test logic</skipped><system-out>writing C:\Program Files (x86)\Microsoft Visual Studio 14.0\VC\vcvarsall.bat (exit /b 1)
writing c:\Program Files (x86)\Microsoft Visual Studio 10.0\VC\vcvarsall.bat (exit /b 1)
writing C:\Program Files\Microsoft SDKs\Windows\v7.1\Bin\SetEnv.cmd (exit /b 1)
writing C:\Users\pts08\AppData\Local\Programs\Common\Microsoft\Visual C++ for Python\9.0\vcvarsall.bat (exit /b 1)
writing C:\Program Files (x86)\Microsoft Visual Studio 9.0\VC\bin\vcvars64.bat (exit /b 1)

C#x08L#x08I#x08N#x08K#x08 #x08#x1B[1;32;40mC:\Users\pts08\Documents\GitHub\conda-build {git}{hg} 
#x1B[1;30;40m{lamb} #x1B[0mset DISTUTILS_USE_SDK=1 

C#x08L#x08I#x08N#x08K#x08 #x08#x1B[1;32;40mC:\Users\pts08\Documents\GitHub\conda-build {git}{hg} 
#x1B[1;30;40m{lamb} #x1B[0mset MSSdk=1 

C#x08L#x08I#x08N#x08K#x08 #x08#x1B[1;32;40mC:\Users\pts08\Documents\GitHub\conda-build {git}{hg} 
#x1B[1;30;40m{lamb} #x1B[0mset &quot;VS_VERSION=10.0&quot; 

C#x08L#x08I#x08N#x08K#x08 #x08#x1B[1;32;40mC:\Users\pts08\Documents\GitHub\conda-build {git}{hg} 
#x1B[1;30;40m{lamb} #x1B[0mset &quot;VS_MAJOR=10&quot; 

C#x08L#x08I#x08N#x08K#x08 #x08#x1B[1;32;40mC:\Users\pts08\Documents\GitHub\conda-build {git}{hg} 
#x1B[1;30;40m{lamb} #x1B[0mset &quot;VS_YEAR=2010&quot; 

C#x08L#x08I#x08N#x08K#x08 #x08#x1B[1;32;40mC:\Users\pts08\Documents\GitHub\conda-build {git}{hg} 
#x1B[1;30;40m{lamb} #x1B[0mset &quot;CMAKE_GENERATOR=Visual Studio 10 2010&quot; 

C#x08L#x08I#x08N#x08K#x08 #x08#x1B[1;32;40mC:\Users\pts08\Documents\GitHub\conda-build {git}{hg} 
#x1B[1;30;40m{lamb} #x1B[0mset &quot;MSYS2_ARG_CONV_EXCL=/AI;/AL;/OUT;/out;&quot; 

C#x08L#x08I#x08N#x08K#x08 #x08#x1B[1;32;40mC:\Users\pts08\Documents\GitHub\conda-build {git}{hg} 
#x1B[1;30;40m{lamb} #x1B[0mset &quot;MSYS2_ENV_CONV_EXCL=CL&quot; 

C#x08L#x08I#x08N#x08K#x08 #x08#x1B[1;32;40mC:\Users\pts08\Documents\GitHub\conda-build {git}{hg} 
#x1B[1;30;40m{lamb} #x1B[0mSetlocal EnableDelayedExpansion 

C#x08L#x08I#x08N#x08K#x08 #x08#x1B[1;32;40mC:\Users\pts08\Documents\GitHub\conda-build {git}{hg} 
#x1B[1;30;40m{lamb} #x1B[0mcall &quot;C:\Program Files\Microsoft SDKs\Windows\v7.1\Bin\SetEnv.cmd&quot; /Release /x86 

C#x08L#x08I#x08N#x08K#x08 #x08#x1B[1;32;40mC:\Users\pts08\Documents\GitHub\conda-build {git}{hg} 
#x1B[1;30;40m{lamb} #x1B[0mexit /b 1 

C#x08L#x08I#x08N#x08K#x08 #x08#x1B[1;32;40mC:\Users\pts08\Documents\GitHub\conda-build {git}{hg} 
#x1B[1;30;40m{lamb} #x1B[0mif not &quot;&quot; == &quot;C:\Program Files\Microsoft SDKs\Windows\v7.1\&quot; (call &quot;c:\Program Files (x86)\Microsoft Visual Studio 10.0\VC\vcvarsall.bat&quot; x86  ) 

C#x08L#x08I#x08N#x08K#x08 #x08#x1B[1;32;40mC:\Users\pts08\Documents\GitHub\conda-build {git}{hg} 
#x1B[1;30;40m{lamb} #x1B[0mexit /b 1 
</system-out></testcase><testcase classname="tests.test_win_vs_activate" file="tests\test_win_vs_activate.py" line="73" name="test_activation_logic[32-vs9.0]" time="0.14232969284057617"><skipped message="expected test failure">verification of test logic</skipped><system-out>writing C:\Program Files (x86)\Microsoft Visual Studio 14.0\VC\vcvarsall.bat (exit /b 1)
writing c:\Program Files (x86)\Microsoft Visual Studio 10.0\VC\vcvarsall.bat (exit /b 1)
writing C:\Program Files\Microsoft SDKs\Windows\v7.1\Bin\SetEnv.cmd (exit /b 1)
writing C:\Users\pts08\AppData\Local\Programs\Common\Microsoft\Visual C++ for Python\9.0\vcvarsall.bat (exit /b 1)
writing C:\Program Files (x86)\Microsoft Visual Studio 9.0\VC\bin\vcvars64.bat (exit /b 1)

C#x08L#x08I#x08N#x08K#x08 #x08#x1B[1;32;40mC:\Users\pts08\Documents\GitHub\conda-build {git}{hg} 
#x1B[1;30;40m{lamb} #x1B[0mset DISTUTILS_USE_SDK=1 

C#x08L#x08I#x08N#x08K#x08 #x08#x1B[1;32;40mC:\Users\pts08\Documents\GitHub\conda-build {git}{hg} 
#x1B[1;30;40m{lamb} #x1B[0mset MSSdk=1 

C#x08L#x08I#x08N#x08K#x08 #x08#x1B[1;32;40mC:\Users\pts08\Documents\GitHub\conda-build {git}{hg} 
#x1B[1;30;40m{lamb} #x1B[0mset &quot;VS_VERSION=9.0&quot; 

C#x08L#x08I#x08N#x08K#x08 #x08#x1B[1;32;40mC:\Users\pts08\Documents\GitHub\conda-build {git}{hg} 
#x1B[1;30;40m{lamb} #x1B[0mset &quot;VS_MAJOR=9&quot; 

C#x08L#x08I#x08N#x08K#x08 #x08#x1B[1;32;40mC:\Users\pts08\Documents\GitHub\conda-build {git}{hg} 
#x1B[1;30;40m{lamb} #x1B[0mset &quot;VS_YEAR=2008&quot; 

C#x08L#x08I#x08N#x08K#x08 #x08#x1B[1;32;40mC:\Users\pts08\Documents\GitHub\conda-build {git}{hg} 
#x1B[1;30;40m{lamb} #x1B[0mset &quot;CMAKE_GENERATOR=Visual Studio 9 2008&quot; 

C#x08L#x08I#x08N#x08K#x08 #x08#x1B[1;32;40mC:\Users\pts08\Documents\GitHub\conda-build {git}{hg} 
#x1B[1;30;40m{lamb} #x1B[0mset &quot;MSYS2_ARG_CONV_EXCL=/AI;/AL;/OUT;/out;&quot; 

C#x08L#x08I#x08N#x08K#x08 #x08#x1B[1;32;40mC:\Users\pts08\Documents\GitHub\conda-build {git}{hg} 
#x1B[1;30;40m{lamb} #x1B[0mset &quot;MSYS2_ENV_CONV_EXCL=CL&quot; 

C#x08L#x08I#x08N#x08K#x08 #x08#x1B[1;32;40mC:\Users\pts08\Documents\GitHub\conda-build {git}{hg} 
#x1B[1;30;40m{lamb} #x1B[0mcall &quot;C:\Users\pts08\AppData\Local\Programs\Common\Microsoft\Visual C++ for Python\9.0\vcvarsall.bat&quot; x86 

C#x08L#x08I#x08N#x08K#x08 #x08#x1B[1;32;40mC:\Users\pts08\Documents\GitHub\conda-build {git}{hg} 
#x1B[1;30;40m{lamb} #x1B[0mexit /b 1 
</system-out></testcase><testcase classname="tests.test_win_vs_activate" file="tests\test_win_vs_activate.py" line="73" name="test_activation_logic[64-vs14.0]" time="0.11698007583618164"><skipped message="expected test failure">verification of test logic</skipped><system-out>writing C:\Program Files (x86)\Microsoft Visual Studio 14.0\VC\vcvarsall.bat (exit /b 1)
writing c:\Program Files (x86)\Microsoft Visual Studio 10.0\VC\vcvarsall.bat (exit /b 1)
writing C:\Program Files\Microsoft SDKs\Windows\v7.1\Bin\SetEnv.cmd (exit /b 1)
writing C:\Users\pts08\AppData\Local\Programs\Common\Microsoft\Visual C++ for Python\9.0\vcvarsall.bat (exit /b 1)
writing C:\Program Files (x86)\Microsoft Visual Studio 9.0\VC\bin\vcvars64.bat (exit /b 1)

C#x08L#x08I#x08N#x08K#x08 #x08#x1B[1;32;40mC:\Users\pts08\Documents\GitHub\conda-build {git}{hg} 
#x1B[1;30;40m{lamb} #x1B[0mset DISTUTILS_USE_SDK=1 

C#x08L#x08I#x08N#x08K#x08 #x08#x1B[1;32;40mC:\Users\pts08\Documents\GitHub\conda-build {git}{hg} 
#x1B[1;30;40m{lamb} #x1B[0mset MSSdk=1 

C#x08L#x08I#x08N#x08K#x08 #x08#x1B[1;32;40mC:\Users\pts08\Documents\GitHub\conda-build {git}{hg} 
#x1B[1;30;40m{lamb} #x1B[0mset &quot;VS_VERSION=14.0&quot; 

C#x08L#x08I#x08N#x08K#x08 #x08#x1B[1;32;40mC:\Users\pts08\Documents\GitHub\conda-build {git}{hg} 
#x1B[1;30;40m{lamb} #x1B[0mset &quot;VS_MAJOR=14&quot; 

C#x08L#x08I#x08N#x08K#x08 #x08#x1B[1;32;40mC:\Users\pts08\Documents\GitHub\conda-build {git}{hg} 
#x1B[1;30;40m{lamb} #x1B[0mset &quot;VS_YEAR=2015&quot; 

C#x08L#x08I#x08N#x08K#x08 #x08#x1B[1;32;40mC:\Users\pts08\Documents\GitHub\conda-build {git}{hg} 
#x1B[1;30;40m{lamb} #x1B[0mset &quot;CMAKE_GENERATOR=Visual Studio 14 2015 Win64&quot; 

C#x08L#x08I#x08N#x08K#x08 #x08#x1B[1;32;40mC:\Users\pts08\Documents\GitHub\conda-build {git}{hg} 
#x1B[1;30;40m{lamb} #x1B[0mset &quot;MSYS2_ARG_CONV_EXCL=/AI;/AL;/OUT;/out;&quot; 

C#x08L#x08I#x08N#x08K#x08 #x08#x1B[1;32;40mC:\Users\pts08\Documents\GitHub\conda-build {git}{hg} 
#x1B[1;30;40m{lamb} #x1B[0mset &quot;MSYS2_ENV_CONV_EXCL=CL&quot; 

C#x08L#x08I#x08N#x08K#x08 #x08#x1B[1;32;40mC:\Users\pts08\Documents\GitHub\conda-build {git}{hg} 
#x1B[1;30;40m{lamb} #x1B[0mcall &quot;C:\Program Files (x86)\Microsoft Visual Studio 14.0\VC\vcvarsall.bat&quot; amd64 

C#x08L#x08I#x08N#x08K#x08 #x08#x1B[1;32;40mC:\Users\pts08\Documents\GitHub\conda-build {git}{hg} 
#x1B[1;30;40m{lamb} #x1B[0mexit /b 1 
</system-out></testcase><testcase classname="tests.test_win_vs_activate" file="tests\test_win_vs_activate.py" line="73" name="test_activation_logic[64-vs10.0]" time="0.11771607398986816"><skipped message="expected test failure">verification of test logic</skipped><system-out>writing C:\Program Files (x86)\Microsoft Visual Studio 14.0\VC\vcvarsall.bat (exit /b 1)
writing c:\Program Files (x86)\Microsoft Visual Studio 10.0\VC\vcvarsall.bat (exit /b 1)
writing C:\Program Files\Microsoft SDKs\Windows\v7.1\Bin\SetEnv.cmd (exit /b 1)
writing C:\Users\pts08\AppData\Local\Programs\Common\Microsoft\Visual C++ for Python\9.0\vcvarsall.bat (exit /b 1)
writing C:\Program Files (x86)\Microsoft Visual Studio 9.0\VC\bin\vcvars64.bat (exit /b 1)

C#x08L#x08I#x08N#x08K#x08 #x08#x1B[1;32;40mC:\Users\pts08\Documents\GitHub\conda-build {git}{hg} 
#x1B[1;30;40m{lamb} #x1B[0mset DISTUTILS_USE_SDK=1 

C#x08L#x08I#x08N#x08K#x08 #x08#x1B[1;32;40mC:\Users\pts08\Documents\GitHub\conda-build {git}{hg} 
#x1B[1;30;40m{lamb} #x1B[0mset MSSdk=1 

C#x08L#x08I#x08N#x08K#x08 #x08#x1B[1;32;40mC:\Users\pts08\Documents\GitHub\conda-build {git}{hg} 
#x1B[1;30;40m{lamb} #x1B[0mset &quot;VS_VERSION=10.0&quot; 

C#x08L#x08I#x08N#x08K#x08 #x08#x1B[1;32;40mC:\Users\pts08\Documents\GitHub\conda-build {git}{hg} 
#x1B[1;30;40m{lamb} #x1B[0mset &quot;VS_MAJOR=10&quot; 

C#x08L#x08I#x08N#x08K#x08 #x08#x1B[1;32;40mC:\Users\pts08\Documents\GitHub\conda-build {git}{hg} 
#x1B[1;30;40m{lamb} #x1B[0mset &quot;VS_YEAR=2010&quot; 

C#x08L#x08I#x08N#x08K#x08 #x08#x1B[1;32;40mC:\Users\pts08\Documents\GitHub\conda-build {git}{hg} 
#x1B[1;30;40m{lamb} #x1B[0mset &quot;CMAKE_GENERATOR=Visual Studio 10 2010 Win64&quot; 

C#x08L#x08I#x08N#x08K#x08 #x08#x1B[1;32;40mC:\Users\pts08\Documents\GitHub\conda-build {git}{hg} 
#x1B[1;30;40m{lamb} #x1B[0mset &quot;MSYS2_ARG_CONV_EXCL=/AI;/AL;/OUT;/out;&quot; 

C#x08L#x08I#x08N#x08K#x08 #x08#x1B[1;32;40mC:\Users\pts08\Documents\GitHub\conda-build {git}{hg} 
#x1B[1;30;40m{lamb} #x1B[0mset &quot;MSYS2_ENV_CONV_EXCL=CL&quot; 

C#x08L#x08I#x08N#x08K#x08 #x08#x1B[1;32;40mC:\Users\pts08\Documents\GitHub\conda-build {git}{hg} 
#x1B[1;30;40m{lamb} #x1B[0mSetlocal EnableDelayedExpansion 

C#x08L#x08I#x08N#x08K#x08 #x08#x1B[1;32;40mC:\Users\pts08\Documents\GitHub\conda-build {git}{hg} 
#x1B[1;30;40m{lamb} #x1B[0mcall &quot;C:\Program Files\Microsoft SDKs\Windows\v7.1\Bin\SetEnv.cmd&quot; /Release /x64 

C#x08L#x08I#x08N#x08K#x08 #x08#x1B[1;32;40mC:\Users\pts08\Documents\GitHub\conda-build {git}{hg} 
#x1B[1;30;40m{lamb} #x1B[0mexit /b 1 

C#x08L#x08I#x08N#x08K#x08 #x08#x1B[1;32;40mC:\Users\pts08\Documents\GitHub\conda-build {git}{hg} 
#x1B[1;30;40m{lamb} #x1B[0mif not &quot;&quot; == &quot;C:\Program Files\Microsoft SDKs\Windows\v7.1\&quot; (call &quot;c:\Program Files (x86)\Microsoft Visual Studio 10.0\VC\vcvarsall.bat&quot; amd64  ) 

C#x08L#x08I#x08N#x08K#x08 #x08#x1B[1;32;40mC:\Users\pts08\Documents\GitHub\conda-build {git}{hg} 
#x1B[1;30;40m{lamb} #x1B[0mexit /b 1 
</system-out></testcase><testcase classname="tests.test_win_vs_activate" file="tests\test_win_vs_activate.py" line="73" name="test_activation_logic[64-vs9.0]" time="0.14534473419189453"><skipped message="expected test failure">verification of test logic</skipped><system-out>writing C:\Program Files (x86)\Microsoft Visual Studio 14.0\VC\vcvarsall.bat (exit /b 1)
writing c:\Program Files (x86)\Microsoft Visual Studio 10.0\VC\vcvarsall.bat (exit /b 1)
writing C:\Program Files\Microsoft SDKs\Windows\v7.1\Bin\SetEnv.cmd (exit /b 1)
writing C:\Users\pts08\AppData\Local\Programs\Common\Microsoft\Visual C++ for Python\9.0\vcvarsall.bat (exit /b 1)
writing C:\Program Files (x86)\Microsoft Visual Studio 9.0\VC\bin\vcvars64.bat (exit /b 1)

C#x08L#x08I#x08N#x08K#x08 #x08#x1B[1;32;40mC:\Users\pts08\Documents\GitHub\conda-build {git}{hg} 
#x1B[1;30;40m{lamb} #x1B[0mset DISTUTILS_USE_SDK=1 

C#x08L#x08I#x08N#x08K#x08 #x08#x1B[1;32;40mC:\Users\pts08\Documents\GitHub\conda-build {git}{hg} 
#x1B[1;30;40m{lamb} #x1B[0mset MSSdk=1 

C#x08L#x08I#x08N#x08K#x08 #x08#x1B[1;32;40mC:\Users\pts08\Documents\GitHub\conda-build {git}{hg} 
#x1B[1;30;40m{lamb} #x1B[0mset &quot;VS_VERSION=9.0&quot; 

C#x08L#x08I#x08N#x08K#x08 #x08#x1B[1;32;40mC:\Users\pts08\Documents\GitHub\conda-build {git}{hg} 
#x1B[1;30;40m{lamb} #x1B[0mset &quot;VS_MAJOR=9&quot; 

C#x08L#x08I#x08N#x08K#x08 #x08#x1B[1;32;40mC:\Users\pts08\Documents\GitHub\conda-build {git}{hg} 
#x1B[1;30;40m{lamb} #x1B[0mset &quot;VS_YEAR=2008&quot; 

C#x08L#x08I#x08N#x08K#x08 #x08#x1B[1;32;40mC:\Users\pts08\Documents\GitHub\conda-build {git}{hg} 
#x1B[1;30;40m{lamb} #x1B[0mset &quot;CMAKE_GENERATOR=Visual Studio 9 2008 Win64&quot; 

C#x08L#x08I#x08N#x08K#x08 #x08#x1B[1;32;40mC:\Users\pts08\Documents\GitHub\conda-build {git}{hg} 
#x1B[1;30;40m{lamb} #x1B[0mset &quot;MSYS2_ARG_CONV_EXCL=/AI;/AL;/OUT;/out;&quot; 

C#x08L#x08I#x08N#x08K#x08 #x08#x1B[1;32;40mC:\Users\pts08\Documents\GitHub\conda-build {git}{hg} 
#x1B[1;30;40m{lamb} #x1B[0mset &quot;MSYS2_ENV_CONV_EXCL=CL&quot; 

C#x08L#x08I#x08N#x08K#x08 #x08#x1B[1;32;40mC:\Users\pts08\Documents\GitHub\conda-build {git}{hg} 
#x1B[1;30;40m{lamb} #x1B[0mcall &quot;C:\Users\pts08\AppData\Local\Programs\Common\Microsoft\Visual C++ for Python\9.0\vcvarsall.bat&quot; amd64 

C#x08L#x08I#x08N#x08K#x08 #x08#x1B[1;32;40mC:\Users\pts08\Documents\GitHub\conda-build {git}{hg} 
#x1B[1;30;40m{lamb} #x1B[0mexit /b 1 

C#x08L#x08I#x08N#x08K#x08 #x08#x1B[1;32;40mC:\Users\pts08\Documents\GitHub\conda-build {git}{hg} 
#x1B[1;30;40m{lamb} #x1B[0mif errorlevel 1 call &quot;C:\Program Files (x86)\Microsoft Visual Studio 9.0\VC\bin\vcvars64.bat&quot; amd64 

C#x08L#x08I#x08N#x08K#x08 #x08#x1B[1;32;40mC:\Users\pts08\Documents\GitHub\conda-build {git}{hg} 
#x1B[1;30;40m{lamb} #x1B[0mexit /b 1 
</system-out></testcase><testcase classname="tests.test_win_vs_activate" file="tests\test_win_vs_activate.py" line="87" name="test_activation[32-vs14.0]" time="0.1165010929107666"><system-out>writing C:\Program Files (x86)\Microsoft Visual Studio 14.0\VC\vcvarsall.bat (exit /b 0)
writing c:\Program Files (x86)\Microsoft Visual Studio 10.0\VC\vcvarsall.bat (exit /b 1)
writing C:\Program Files\Microsoft SDKs\Windows\v7.1\Bin\SetEnv.cmd (exit /b 1)
writing C:\Users\pts08\AppData\Local\Programs\Common\Microsoft\Visual C++ for Python\9.0\vcvarsall.bat (exit /b 1)
writing C:\Program Files (x86)\Microsoft Visual Studio 9.0\VC\bin\vcvars64.bat (exit /b 1)

C#x08L#x08I#x08N#x08K#x08 #x08#x1B[1;32;40mC:\Users\pts08\Documents\GitHub\conda-build {git}{hg} 
#x1B[1;30;40m{lamb} #x1B[0mset DISTUTILS_USE_SDK=1 

C#x08L#x08I#x08N#x08K#x08 #x08#x1B[1;32;40mC:\Users\pts08\Documents\GitHub\conda-build {git}{hg} 
#x1B[1;30;40m{lamb} #x1B[0mset MSSdk=1 

C#x08L#x08I#x08N#x08K#x08 #x08#x1B[1;32;40mC:\Users\pts08\Documents\GitHub\conda-build {git}{hg} 
#x1B[1;30;40m{lamb} #x1B[0mset &quot;VS_VERSION=14.0&quot; 

C#x08L#x08I#x08N#x08K#x08 #x08#x1B[1;32;40mC:\Users\pts08\Documents\GitHub\conda-build {git}{hg} 
#x1B[1;30;40m{lamb} #x1B[0mset &quot;VS_MAJOR=14&quot; 

C#x08L#x08I#x08N#x08K#x08 #x08#x1B[1;32;40mC:\Users\pts08\Documents\GitHub\conda-build {git}{hg} 
#x1B[1;30;40m{lamb} #x1B[0mset &quot;VS_YEAR=2015&quot; 

C#x08L#x08I#x08N#x08K#x08 #x08#x1B[1;32;40mC:\Users\pts08\Documents\GitHub\conda-build {git}{hg} 
#x1B[1;30;40m{lamb} #x1B[0mset &quot;CMAKE_GENERATOR=Visual Studio 14 2015&quot; 

C#x08L#x08I#x08N#x08K#x08 #x08#x1B[1;32;40mC:\Users\pts08\Documents\GitHub\conda-build {git}{hg} 
#x1B[1;30;40m{lamb} #x1B[0mset &quot;MSYS2_ARG_CONV_EXCL=/AI;/AL;/OUT;/out;&quot; 

C#x08L#x08I#x08N#x08K#x08 #x08#x1B[1;32;40mC:\Users\pts08\Documents\GitHub\conda-build {git}{hg} 
#x1B[1;30;40m{lamb} #x1B[0mset &quot;MSYS2_ENV_CONV_EXCL=CL&quot; 

C#x08L#x08I#x08N#x08K#x08 #x08#x1B[1;32;40mC:\Users\pts08\Documents\GitHub\conda-build {git}{hg} 
#x1B[1;30;40m{lamb} #x1B[0mcall &quot;C:\Program Files (x86)\Microsoft Visual Studio 14.0\VC\vcvarsall.bat&quot; x86 

C#x08L#x08I#x08N#x08K#x08 #x08#x1B[1;32;40mC:\Users\pts08\Documents\GitHub\conda-build {git}{hg} 
#x1B[1;30;40m{lamb} #x1B[0mexit /b 0 

C#x08L#x08I#x08N#x08K#x08 #x08#x1B[1;32;40mC:\Users\pts08\Documents\GitHub\conda-build {git}{hg} 
#x1B[1;30;40m{lamb} #x1B[0mif not &quot;14.0&quot; == &quot;14.0&quot; exit /b 1 

C#x08L#x08I#x08N#x08K#x08 #x08#x1B[1;32;40mC:\Users\pts08\Documents\GitHub\conda-build {git}{hg} 
#x1B[1;30;40m{lamb} #x1B[0mif not &quot;14&quot; == &quot;14&quot; exit /b 1 

C#x08L#x08I#x08N#x08K#x08 #x08#x1B[1;32;40mC:\Users\pts08\Documents\GitHub\conda-build {git}{hg} 
#x1B[1;30;40m{lamb} #x1B[0mif not &quot;2015&quot; == &quot;2015&quot; exit /b 1 

C#x08L#x08I#x08N#x08K#x08 #x08#x1B[1;32;40mC:\Users\pts08\Documents\GitHub\conda-build {git}{hg} 
#x1B[1;30;40m{lamb} #x1B[0mif not &quot;Visual Studio 14 2015&quot; == &quot;Visual Studio 14 2015&quot; exit /b 1 
</system-out></testcase><testcase classname="tests.test_win_vs_activate" file="tests\test_win_vs_activate.py" line="87" name="test_activation[32-vs10.0]" time="0.12109780311584473"><system-out>writing C:\Program Files (x86)\Microsoft Visual Studio 14.0\VC\vcvarsall.bat (exit /b 1)
writing c:\Program Files (x86)\Microsoft Visual Studio 10.0\VC\vcvarsall.bat (exit /b 0)
writing C:\Program Files\Microsoft SDKs\Windows\v7.1\Bin\SetEnv.cmd (exit /b 0)
writing C:\Users\pts08\AppData\Local\Programs\Common\Microsoft\Visual C++ for Python\9.0\vcvarsall.bat (exit /b 1)
writing C:\Program Files (x86)\Microsoft Visual Studio 9.0\VC\bin\vcvars64.bat (exit /b 1)

C#x08L#x08I#x08N#x08K#x08 #x08#x1B[1;32;40mC:\Users\pts08\Documents\GitHub\conda-build {git}{hg} 
#x1B[1;30;40m{lamb} #x1B[0mset DISTUTILS_USE_SDK=1 

C#x08L#x08I#x08N#x08K#x08 #x08#x1B[1;32;40mC:\Users\pts08\Documents\GitHub\conda-build {git}{hg} 
#x1B[1;30;40m{lamb} #x1B[0mset MSSdk=1 

C#x08L#x08I#x08N#x08K#x08 #x08#x1B[1;32;40mC:\Users\pts08\Documents\GitHub\conda-build {git}{hg} 
#x1B[1;30;40m{lamb} #x1B[0mset &quot;VS_VERSION=10.0&quot; 

C#x08L#x08I#x08N#x08K#x08 #x08#x1B[1;32;40mC:\Users\pts08\Documents\GitHub\conda-build {git}{hg} 
#x1B[1;30;40m{lamb} #x1B[0mset &quot;VS_MAJOR=10&quot; 

C#x08L#x08I#x08N#x08K#x08 #x08#x1B[1;32;40mC:\Users\pts08\Documents\GitHub\conda-build {git}{hg} 
#x1B[1;30;40m{lamb} #x1B[0mset &quot;VS_YEAR=2010&quot; 

C#x08L#x08I#x08N#x08K#x08 #x08#x1B[1;32;40mC:\Users\pts08\Documents\GitHub\conda-build {git}{hg} 
#x1B[1;30;40m{lamb} #x1B[0mset &quot;CMAKE_GENERATOR=Visual Studio 10 2010&quot; 

C#x08L#x08I#x08N#x08K#x08 #x08#x1B[1;32;40mC:\Users\pts08\Documents\GitHub\conda-build {git}{hg} 
#x1B[1;30;40m{lamb} #x1B[0mset &quot;MSYS2_ARG_CONV_EXCL=/AI;/AL;/OUT;/out;&quot; 

C#x08L#x08I#x08N#x08K#x08 #x08#x1B[1;32;40mC:\Users\pts08\Documents\GitHub\conda-build {git}{hg} 
#x1B[1;30;40m{lamb} #x1B[0mset &quot;MSYS2_ENV_CONV_EXCL=CL&quot; 

C#x08L#x08I#x08N#x08K#x08 #x08#x1B[1;32;40mC:\Users\pts08\Documents\GitHub\conda-build {git}{hg} 
#x1B[1;30;40m{lamb} #x1B[0mSetlocal EnableDelayedExpansion 

C#x08L#x08I#x08N#x08K#x08 #x08#x1B[1;32;40mC:\Users\pts08\Documents\GitHub\conda-build {git}{hg} 
#x1B[1;30;40m{lamb} #x1B[0mcall &quot;C:\Program Files\Microsoft SDKs\Windows\v7.1\Bin\SetEnv.cmd&quot; /Release /x86 

C#x08L#x08I#x08N#x08K#x08 #x08#x1B[1;32;40mC:\Users\pts08\Documents\GitHub\conda-build {git}{hg} 
#x1B[1;30;40m{lamb} #x1B[0mexit /b 0 

C#x08L#x08I#x08N#x08K#x08 #x08#x1B[1;32;40mC:\Users\pts08\Documents\GitHub\conda-build {git}{hg} 
#x1B[1;30;40m{lamb} #x1B[0mif not &quot;&quot; == &quot;C:\Program Files\Microsoft SDKs\Windows\v7.1\&quot; (call &quot;c:\Program Files (x86)\Microsoft Visual Studio 10.0\VC\vcvarsall.bat&quot; x86  ) 

C#x08L#x08I#x08N#x08K#x08 #x08#x1B[1;32;40mC:\Users\pts08\Documents\GitHub\conda-build {git}{hg} 
#x1B[1;30;40m{lamb} #x1B[0mexit /b 0 

C#x08L#x08I#x08N#x08K#x08 #x08#x1B[1;32;40mC:\Users\pts08\Documents\GitHub\conda-build {git}{hg} 
#x1B[1;30;40m{lamb} #x1B[0mif not &quot;10.0&quot; == &quot;10.0&quot; exit /b 1 

C#x08L#x08I#x08N#x08K#x08 #x08#x1B[1;32;40mC:\Users\pts08\Documents\GitHub\conda-build {git}{hg} 
#x1B[1;30;40m{lamb} #x1B[0mif not &quot;10&quot; == &quot;10&quot; exit /b 1 

C#x08L#x08I#x08N#x08K#x08 #x08#x1B[1;32;40mC:\Users\pts08\Documents\GitHub\conda-build {git}{hg} 
#x1B[1;30;40m{lamb} #x1B[0mif not &quot;2010&quot; == &quot;2010&quot; exit /b 1 

C#x08L#x08I#x08N#x08K#x08 #x08#x1B[1;32;40mC:\Users\pts08\Documents\GitHub\conda-build {git}{hg} 
#x1B[1;30;40m{lamb} #x1B[0mif not &quot;Visual Studio 10 2010&quot; == &quot;Visual Studio 10 2010&quot; exit /b 1 
</system-out></testcase><testcase classname="tests.test_win_vs_activate" file="tests\test_win_vs_activate.py" line="87" name="test_activation[32-vs9.0]" time="0.13961219787597656"><system-out>writing C:\Program Files (x86)\Microsoft Visual Studio 14.0\VC\vcvarsall.bat (exit /b 1)
writing c:\Program Files (x86)\Microsoft Visual Studio 10.0\VC\vcvarsall.bat (exit /b 1)
writing C:\Program Files\Microsoft SDKs\Windows\v7.1\Bin\SetEnv.cmd (exit /b 1)
writing C:\Users\pts08\AppData\Local\Programs\Common\Microsoft\Visual C++ for Python\9.0\vcvarsall.bat (exit /b 0)
writing C:\Program Files (x86)\Microsoft Visual Studio 9.0\VC\bin\vcvars64.bat (exit /b 0)

C#x08L#x08I#x08N#x08K#x08 #x08#x1B[1;32;40mC:\Users\pts08\Documents\GitHub\conda-build {git}{hg} 
#x1B[1;30;40m{lamb} #x1B[0mset DISTUTILS_USE_SDK=1 

C#x08L#x08I#x08N#x08K#x08 #x08#x1B[1;32;40mC:\Users\pts08\Documents\GitHub\conda-build {git}{hg} 
#x1B[1;30;40m{lamb} #x1B[0mset MSSdk=1 

C#x08L#x08I#x08N#x08K#x08 #x08#x1B[1;32;40mC:\Users\pts08\Documents\GitHub\conda-build {git}{hg} 
#x1B[1;30;40m{lamb} #x1B[0mset &quot;VS_VERSION=9.0&quot; 

C#x08L#x08I#x08N#x08K#x08 #x08#x1B[1;32;40mC:\Users\pts08\Documents\GitHub\conda-build {git}{hg} 
#x1B[1;30;40m{lamb} #x1B[0mset &quot;VS_MAJOR=9&quot; 

C#x08L#x08I#x08N#x08K#x08 #x08#x1B[1;32;40mC:\Users\pts08\Documents\GitHub\conda-build {git}{hg} 
#x1B[1;30;40m{lamb} #x1B[0mset &quot;VS_YEAR=2008&quot; 

C#x08L#x08I#x08N#x08K#x08 #x08#x1B[1;32;40mC:\Users\pts08\Documents\GitHub\conda-build {git}{hg} 
#x1B[1;30;40m{lamb} #x1B[0mset &quot;CMAKE_GENERATOR=Visual Studio 9 2008&quot; 

C#x08L#x08I#x08N#x08K#x08 #x08#x1B[1;32;40mC:\Users\pts08\Documents\GitHub\conda-build {git}{hg} 
#x1B[1;30;40m{lamb} #x1B[0mset &quot;MSYS2_ARG_CONV_EXCL=/AI;/AL;/OUT;/out;&quot; 

C#x08L#x08I#x08N#x08K#x08 #x08#x1B[1;32;40mC:\Users\pts08\Documents\GitHub\conda-build {git}{hg} 
#x1B[1;30;40m{lamb} #x1B[0mset &quot;MSYS2_ENV_CONV_EXCL=CL&quot; 

C#x08L#x08I#x08N#x08K#x08 #x08#x1B[1;32;40mC:\Users\pts08\Documents\GitHub\conda-build {git}{hg} 
#x1B[1;30;40m{lamb} #x1B[0mcall &quot;C:\Users\pts08\AppData\Local\Programs\Common\Microsoft\Visual C++ for Python\9.0\vcvarsall.bat&quot; x86 

C#x08L#x08I#x08N#x08K#x08 #x08#x1B[1;32;40mC:\Users\pts08\Documents\GitHub\conda-build {git}{hg} 
#x1B[1;30;40m{lamb} #x1B[0mexit /b 0 

C#x08L#x08I#x08N#x08K#x08 #x08#x1B[1;32;40mC:\Users\pts08\Documents\GitHub\conda-build {git}{hg} 
#x1B[1;30;40m{lamb} #x1B[0mif not &quot;9.0&quot; == &quot;9.0&quot; exit /b 1 

C#x08L#x08I#x08N#x08K#x08 #x08#x1B[1;32;40mC:\Users\pts08\Documents\GitHub\conda-build {git}{hg} 
#x1B[1;30;40m{lamb} #x1B[0mif not &quot;9&quot; == &quot;9&quot; exit /b 1 

C#x08L#x08I#x08N#x08K#x08 #x08#x1B[1;32;40mC:\Users\pts08\Documents\GitHub\conda-build {git}{hg} 
#x1B[1;30;40m{lamb} #x1B[0mif not &quot;2008&quot; == &quot;2008&quot; exit /b 1 

C#x08L#x08I#x08N#x08K#x08 #x08#x1B[1;32;40mC:\Users\pts08\Documents\GitHub\conda-build {git}{hg} 
#x1B[1;30;40m{lamb} #x1B[0mif not &quot;Visual Studio 9 2008&quot; == &quot;Visual Studio 9 2008&quot; exit /b 1 
</system-out></testcase><testcase classname="tests.test_win_vs_activate" file="tests\test_win_vs_activate.py" line="87" name="test_activation[64-vs14.0]" time="0.11536717414855957"><system-out>writing C:\Program Files (x86)\Microsoft Visual Studio 14.0\VC\vcvarsall.bat (exit /b 0)
writing c:\Program Files (x86)\Microsoft Visual Studio 10.0\VC\vcvarsall.bat (exit /b 1)
writing C:\Program Files\Microsoft SDKs\Windows\v7.1\Bin\SetEnv.cmd (exit /b 1)
writing C:\Users\pts08\AppData\Local\Programs\Common\Microsoft\Visual C++ for Python\9.0\vcvarsall.bat (exit /b 1)
writing C:\Program Files (x86)\Microsoft Visual Studio 9.0\VC\bin\vcvars64.bat (exit /b 1)

C#x08L#x08I#x08N#x08K#x08 #x08#x1B[1;32;40mC:\Users\pts08\Documents\GitHub\conda-build {git}{hg} 
#x1B[1;30;40m{lamb} #x1B[0mset DISTUTILS_USE_SDK=1 

C#x08L#x08I#x08N#x08K#x08 #x08#x1B[1;32;40mC:\Users\pts08\Documents\GitHub\conda-build {git}{hg} 
#x1B[1;30;40m{lamb} #x1B[0mset MSSdk=1 

C#x08L#x08I#x08N#x08K#x08 #x08#x1B[1;32;40mC:\Users\pts08\Documents\GitHub\conda-build {git}{hg} 
#x1B[1;30;40m{lamb} #x1B[0mset &quot;VS_VERSION=14.0&quot; 

C#x08L#x08I#x08N#x08K#x08 #x08#x1B[1;32;40mC:\Users\pts08\Documents\GitHub\conda-build {git}{hg} 
#x1B[1;30;40m{lamb} #x1B[0mset &quot;VS_MAJOR=14&quot; 

C#x08L#x08I#x08N#x08K#x08 #x08#x1B[1;32;40mC:\Users\pts08\Documents\GitHub\conda-build {git}{hg} 
#x1B[1;30;40m{lamb} #x1B[0mset &quot;VS_YEAR=2015&quot; 

C#x08L#x08I#x08N#x08K#x08 #x08#x1B[1;32;40mC:\Users\pts08\Documents\GitHub\conda-build {git}{hg} 
#x1B[1;30;40m{lamb} #x1B[0mset &quot;CMAKE_GENERATOR=Visual Studio 14 2015 Win64&quot; 

C#x08L#x08I#x08N#x08K#x08 #x08#x1B[1;32;40mC:\Users\pts08\Documents\GitHub\conda-build {git}{hg} 
#x1B[1;30;40m{lamb} #x1B[0mset &quot;MSYS2_ARG_CONV_EXCL=/AI;/AL;/OUT;/out;&quot; 

C#x08L#x08I#x08N#x08K#x08 #x08#x1B[1;32;40mC:\Users\pts08\Documents\GitHub\conda-build {git}{hg} 
#x1B[1;30;40m{lamb} #x1B[0mset &quot;MSYS2_ENV_CONV_EXCL=CL&quot; 

C#x08L#x08I#x08N#x08K#x08 #x08#x1B[1;32;40mC:\Users\pts08\Documents\GitHub\conda-build {git}{hg} 
#x1B[1;30;40m{lamb} #x1B[0mcall &quot;C:\Program Files (x86)\Microsoft Visual Studio 14.0\VC\vcvarsall.bat&quot; amd64 

C#x08L#x08I#x08N#x08K#x08 #x08#x1B[1;32;40mC:\Users\pts08\Documents\GitHub\conda-build {git}{hg} 
#x1B[1;30;40m{lamb} #x1B[0mexit /b 0 

C#x08L#x08I#x08N#x08K#x08 #x08#x1B[1;32;40mC:\Users\pts08\Documents\GitHub\conda-build {git}{hg} 
#x1B[1;30;40m{lamb} #x1B[0mif not &quot;14.0&quot; == &quot;14.0&quot; exit /b 1 

C#x08L#x08I#x08N#x08K#x08 #x08#x1B[1;32;40mC:\Users\pts08\Documents\GitHub\conda-build {git}{hg} 
#x1B[1;30;40m{lamb} #x1B[0mif not &quot;14&quot; == &quot;14&quot; exit /b 1 

C#x08L#x08I#x08N#x08K#x08 #x08#x1B[1;32;40mC:\Users\pts08\Documents\GitHub\conda-build {git}{hg} 
#x1B[1;30;40m{lamb} #x1B[0mif not &quot;2015&quot; == &quot;2015&quot; exit /b 1 

C#x08L#x08I#x08N#x08K#x08 #x08#x1B[1;32;40mC:\Users\pts08\Documents\GitHub\conda-build {git}{hg} 
#x1B[1;30;40m{lamb} #x1B[0mif not &quot;Visual Studio 14 2015 Win64&quot; == &quot;Visual Studio 14 2015 Win64&quot; exit /b 1 
</system-out></testcase><testcase classname="tests.test_win_vs_activate" file="tests\test_win_vs_activate.py" line="87" name="test_activation[64-vs10.0]" time="0.11806392669677734"><system-out>writing C:\Program Files (x86)\Microsoft Visual Studio 14.0\VC\vcvarsall.bat (exit /b 1)
writing c:\Program Files (x86)\Microsoft Visual Studio 10.0\VC\vcvarsall.bat (exit /b 0)
writing C:\Program Files\Microsoft SDKs\Windows\v7.1\Bin\SetEnv.cmd (exit /b 0)
writing C:\Users\pts08\AppData\Local\Programs\Common\Microsoft\Visual C++ for Python\9.0\vcvarsall.bat (exit /b 1)
writing C:\Program Files (x86)\Microsoft Visual Studio 9.0\VC\bin\vcvars64.bat (exit /b 1)

C#x08L#x08I#x08N#x08K#x08 #x08#x1B[1;32;40mC:\Users\pts08\Documents\GitHub\conda-build {git}{hg} 
#x1B[1;30;40m{lamb} #x1B[0mset DISTUTILS_USE_SDK=1 

C#x08L#x08I#x08N#x08K#x08 #x08#x1B[1;32;40mC:\Users\pts08\Documents\GitHub\conda-build {git}{hg} 
#x1B[1;30;40m{lamb} #x1B[0mset MSSdk=1 

C#x08L#x08I#x08N#x08K#x08 #x08#x1B[1;32;40mC:\Users\pts08\Documents\GitHub\conda-build {git}{hg} 
#x1B[1;30;40m{lamb} #x1B[0mset &quot;VS_VERSION=10.0&quot; 

C#x08L#x08I#x08N#x08K#x08 #x08#x1B[1;32;40mC:\Users\pts08\Documents\GitHub\conda-build {git}{hg} 
#x1B[1;30;40m{lamb} #x1B[0mset &quot;VS_MAJOR=10&quot; 

C#x08L#x08I#x08N#x08K#x08 #x08#x1B[1;32;40mC:\Users\pts08\Documents\GitHub\conda-build {git}{hg} 
#x1B[1;30;40m{lamb} #x1B[0mset &quot;VS_YEAR=2010&quot; 

C#x08L#x08I#x08N#x08K#x08 #x08#x1B[1;32;40mC:\Users\pts08\Documents\GitHub\conda-build {git}{hg} 
#x1B[1;30;40m{lamb} #x1B[0mset &quot;CMAKE_GENERATOR=Visual Studio 10 2010 Win64&quot; 

C#x08L#x08I#x08N#x08K#x08 #x08#x1B[1;32;40mC:\Users\pts08\Documents\GitHub\conda-build {git}{hg} 
#x1B[1;30;40m{lamb} #x1B[0mset &quot;MSYS2_ARG_CONV_EXCL=/AI;/AL;/OUT;/out;&quot; 

C#x08L#x08I#x08N#x08K#x08 #x08#x1B[1;32;40mC:\Users\pts08\Documents\GitHub\conda-build {git}{hg} 
#x1B[1;30;40m{lamb} #x1B[0mset &quot;MSYS2_ENV_CONV_EXCL=CL&quot; 

C#x08L#x08I#x08N#x08K#x08 #x08#x1B[1;32;40mC:\Users\pts08\Documents\GitHub\conda-build {git}{hg} 
#x1B[1;30;40m{lamb} #x1B[0mSetlocal EnableDelayedExpansion 

C#x08L#x08I#x08N#x08K#x08 #x08#x1B[1;32;40mC:\Users\pts08\Documents\GitHub\conda-build {git}{hg} 
#x1B[1;30;40m{lamb} #x1B[0mcall &quot;C:\Program Files\Microsoft SDKs\Windows\v7.1\Bin\SetEnv.cmd&quot; /Release /x64 

C#x08L#x08I#x08N#x08K#x08 #x08#x1B[1;32;40mC:\Users\pts08\Documents\GitHub\conda-build {git}{hg} 
#x1B[1;30;40m{lamb} #x1B[0mexit /b 0 

C#x08L#x08I#x08N#x08K#x08 #x08#x1B[1;32;40mC:\Users\pts08\Documents\GitHub\conda-build {git}{hg} 
#x1B[1;30;40m{lamb} #x1B[0mif not &quot;&quot; == &quot;C:\Program Files\Microsoft SDKs\Windows\v7.1\&quot; (call &quot;c:\Program Files (x86)\Microsoft Visual Studio 10.0\VC\vcvarsall.bat&quot; amd64  ) 

C#x08L#x08I#x08N#x08K#x08 #x08#x1B[1;32;40mC:\Users\pts08\Documents\GitHub\conda-build {git}{hg} 
#x1B[1;30;40m{lamb} #x1B[0mexit /b 0 

C#x08L#x08I#x08N#x08K#x08 #x08#x1B[1;32;40mC:\Users\pts08\Documents\GitHub\conda-build {git}{hg} 
#x1B[1;30;40m{lamb} #x1B[0mif not &quot;10.0&quot; == &quot;10.0&quot; exit /b 1 

C#x08L#x08I#x08N#x08K#x08 #x08#x1B[1;32;40mC:\Users\pts08\Documents\GitHub\conda-build {git}{hg} 
#x1B[1;30;40m{lamb} #x1B[0mif not &quot;10&quot; == &quot;10&quot; exit /b 1 

C#x08L#x08I#x08N#x08K#x08 #x08#x1B[1;32;40mC:\Users\pts08\Documents\GitHub\conda-build {git}{hg} 
#x1B[1;30;40m{lamb} #x1B[0mif not &quot;2010&quot; == &quot;2010&quot; exit /b 1 

C#x08L#x08I#x08N#x08K#x08 #x08#x1B[1;32;40mC:\Users\pts08\Documents\GitHub\conda-build {git}{hg} 
#x1B[1;30;40m{lamb} #x1B[0mif not &quot;Visual Studio 10 2010 Win64&quot; == &quot;Visual Studio 10 2010 Win64&quot; exit /b 1 
</system-out></testcase><testcase classname="tests.test_win_vs_activate" file="tests\test_win_vs_activate.py" line="87" name="test_activation[64-vs9.0]" time="0.1165769100189209"><system-out>writing C:\Program Files (x86)\Microsoft Visual Studio 14.0\VC\vcvarsall.bat (exit /b 1)
writing c:\Program Files (x86)\Microsoft Visual Studio 10.0\VC\vcvarsall.bat (exit /b 1)
writing C:\Program Files\Microsoft SDKs\Windows\v7.1\Bin\SetEnv.cmd (exit /b 1)
writing C:\Users\pts08\AppData\Local\Programs\Common\Microsoft\Visual C++ for Python\9.0\vcvarsall.bat (exit /b 0)
writing C:\Program Files (x86)\Microsoft Visual Studio 9.0\VC\bin\vcvars64.bat (exit /b 0)

C#x08L#x08I#x08N#x08K#x08 #x08#x1B[1;32;40mC:\Users\pts08\Documents\GitHub\conda-build {git}{hg} 
#x1B[1;30;40m{lamb} #x1B[0mset DISTUTILS_USE_SDK=1 

C#x08L#x08I#x08N#x08K#x08 #x08#x1B[1;32;40mC:\Users\pts08\Documents\GitHub\conda-build {git}{hg} 
#x1B[1;30;40m{lamb} #x1B[0mset MSSdk=1 

C#x08L#x08I#x08N#x08K#x08 #x08#x1B[1;32;40mC:\Users\pts08\Documents\GitHub\conda-build {git}{hg} 
#x1B[1;30;40m{lamb} #x1B[0mset &quot;VS_VERSION=9.0&quot; 

C#x08L#x08I#x08N#x08K#x08 #x08#x1B[1;32;40mC:\Users\pts08\Documents\GitHub\conda-build {git}{hg} 
#x1B[1;30;40m{lamb} #x1B[0mset &quot;VS_MAJOR=9&quot; 

C#x08L#x08I#x08N#x08K#x08 #x08#x1B[1;32;40mC:\Users\pts08\Documents\GitHub\conda-build {git}{hg} 
#x1B[1;30;40m{lamb} #x1B[0mset &quot;VS_YEAR=2008&quot; 

C#x08L#x08I#x08N#x08K#x08 #x08#x1B[1;32;40mC:\Users\pts08\Documents\GitHub\conda-build {git}{hg} 
#x1B[1;30;40m{lamb} #x1B[0mset &quot;CMAKE_GENERATOR=Visual Studio 9 2008 Win64&quot; 

C#x08L#x08I#x08N#x08K#x08 #x08#x1B[1;32;40mC:\Users\pts08\Documents\GitHub\conda-build {git}{hg} 
#x1B[1;30;40m{lamb} #x1B[0mset &quot;MSYS2_ARG_CONV_EXCL=/AI;/AL;/OUT;/out;&quot; 

C#x08L#x08I#x08N#x08K#x08 #x08#x1B[1;32;40mC:\Users\pts08\Documents\GitHub\conda-build {git}{hg} 
#x1B[1;30;40m{lamb} #x1B[0mset &quot;MSYS2_ENV_CONV_EXCL=CL&quot; 

C#x08L#x08I#x08N#x08K#x08 #x08#x1B[1;32;40mC:\Users\pts08\Documents\GitHub\conda-build {git}{hg} 
#x1B[1;30;40m{lamb} #x1B[0mcall &quot;C:\Users\pts08\AppData\Local\Programs\Common\Microsoft\Visual C++ for Python\9.0\vcvarsall.bat&quot; amd64 

C#x08L#x08I#x08N#x08K#x08 #x08#x1B[1;32;40mC:\Users\pts08\Documents\GitHub\conda-build {git}{hg} 
#x1B[1;30;40m{lamb} #x1B[0mexit /b 0 

C#x08L#x08I#x08N#x08K#x08 #x08#x1B[1;32;40mC:\Users\pts08\Documents\GitHub\conda-build {git}{hg} 
#x1B[1;30;40m{lamb} #x1B[0mif errorlevel 1 call &quot;C:\Program Files (x86)\Microsoft Visual Studio 9.0\VC\bin\vcvars64.bat&quot; amd64 

C#x08L#x08I#x08N#x08K#x08 #x08#x1B[1;32;40mC:\Users\pts08\Documents\GitHub\conda-build {git}{hg} 
#x1B[1;30;40m{lamb} #x1B[0mif not &quot;9.0&quot; == &quot;9.0&quot; exit /b 1 

C#x08L#x08I#x08N#x08K#x08 #x08#x1B[1;32;40mC:\Users\pts08\Documents\GitHub\conda-build {git}{hg} 
#x1B[1;30;40m{lamb} #x1B[0mif not &quot;9&quot; == &quot;9&quot; exit /b 1 

C#x08L#x08I#x08N#x08K#x08 #x08#x1B[1;32;40mC:\Users\pts08\Documents\GitHub\conda-build {git}{hg} 
#x1B[1;30;40m{lamb} #x1B[0mif not &quot;2008&quot; == &quot;2008&quot; exit /b 1 

C#x08L#x08I#x08N#x08K#x08 #x08#x1B[1;32;40mC:\Users\pts08\Documents\GitHub\conda-build {git}{hg} 
#x1B[1;30;40m{lamb} #x1B[0mif not &quot;Visual Studio 9 2008 Win64&quot; == &quot;Visual Studio 9 2008 Win64&quot; exit /b 1 
</system-out></testcase></testsuite>